#-----------------------------------------------------------
# Vivado v2019.1 (64-bit)
# SW Build 2552052 on Fri May 24 14:49:42 MDT 2019
# IP Build 2548770 on Fri May 24 18:01:18 MDT 2019
# Start of session at: Mon Dec 29 15:47:42 2025
# Process ID: 21200
# Current directory: C:/sillycon/riscv
# Command line: vivado.exe -gui_launcher_event rodinguilauncherevent35200 C:\sillycon\riscv\riscv.xpr
# Log file: C:/sillycon/riscv/vivado.log
# Journal file: C:/sillycon/riscv\vivado.jou
#-----------------------------------------------------------
start_gui
open_project C:/sillycon/riscv/riscv.xpr
Scanning sources...
Finished scanning sources
INFO: [IP_Flow 19-234] Refreshing IP repositories
INFO: [IP_Flow 19-1704] No user IP repositories specified
INFO: [IP_Flow 19-2313] Loaded Vivado IP repository 'C:/Xilinx/Vivado/2019.1/data/ip'.
open_project: Time (s): cpu = 00:00:16 ; elapsed = 00:00:08 . Memory (MB): peak = 701.461 ; gain = 66.238
update_compile_order -fileset sources_1
exit
INFO: [Common 17-206] Exiting Vivado at Mon Dec 29 16:41:21 2025...
